// Jest Snapshot v1, https://goo.gl/fbAQLP

exports[`App should contain AsyncStorage, CryptoWebView, HttpServer, ... 1`] = `
Array [
  <div
    data-testid="async-storage-advanced"
  />,
  <View
    accessibilityRole="button"
    accessible={true}
    collapsable={false}
    focusable={false}
    nativeID="animatedComponent"
    onClick={[Function]}
    onResponderGrant={[Function]}
    onResponderMove={[Function]}
    onResponderRelease={[Function]}
    onResponderTerminate={[Function]}
    onResponderTerminationRequest={[Function]}
    onStartShouldSetResponder={[Function]}
    style={
      Object {
        "opacity": 1,
      }
    }
    testID="CryptoWebView"
  >
    <View
      style={
        Array [
          Object {},
        ]
      }
    >
      <Text
        style={
          Array [
            Object {
              "color": "#007AFF",
              "fontSize": 18,
              "margin": 8,
              "textAlign": "center",
            },
          ]
        }
      >
        title
      </Text>
    </View>
  </View>,
]
`;

exports[`App should contain AsyncStorage, HttpServer, ... 1`] = `
Array [
  <div
    data-testid="async-storage-advanced"
  />,
  <View
    accessibilityRole="button"
    accessible={true}
    collapsable={false}
    focusable={false}
    nativeID="animatedComponent"
    onClick={[Function]}
    onResponderGrant={[Function]}
    onResponderMove={[Function]}
    onResponderRelease={[Function]}
    onResponderTerminate={[Function]}
    onResponderTerminationRequest={[Function]}
    onStartShouldSetResponder={[Function]}
    style={
      Object {
        "opacity": 1,
      }
    }
    testID="CryptoWebView"
  >
    <View
      style={
        Array [
          Object {},
        ]
      }
    >
      <Text
        style={
          Array [
            Object {
              "color": "#007AFF",
              "fontSize": 18,
              "margin": 8,
              "textAlign": "center",
            },
          ]
        }
      >
        title
      </Text>
    </View>
  </View>,
]
`;
